// Jest Snapshot v1, https://goo.gl/fbAQLP

exports[`renders App correctly 1`] = `
<RNCSafeAreaProvider
  onInsetsChange={[Function]}
  style={
    [
      {
        "flex": 1,
      },
      undefined,
    ]
  }
>
  <RNSScreenStack
    style={
      {
        "flex": 1,
      }
    }
  >
    <RNSScreen
      collapsable={false}
      fullScreenSwipeShadowEnabled={false}
      gestureResponseDistance={
        {
          "bottom": -1,
          "end": -1,
          "start": -1,
          "top": -1,
        }
      }
      hasLargeHeader={false}
      nativeBackButtonDismissalEnabled={false}
      onAppear={[Function]}
      onDisappear={[Function]}
      onDismissed={[Function]}
      onGestureCancel={[Function]}
      onHeaderBackButtonClicked={[Function]}
      onNativeDismissCancelled={[Function]}
      onTransitionProgress={[Function]}
      onWillAppear={[Function]}
      onWillDisappear={[Function]}
      replaceAnimation="push"
      sheetAllowedDetents="large"
      sheetCornerRadius={-1}
      sheetExpandsWhenScrolledToEdge={true}
      sheetGrabberVisible={false}
      sheetLargestUndimmedDetent="all"
      stackPresentation="push"
      style={
        {
          "bottom": 0,
          "left": 0,
          "position": "absolute",
          "right": 0,
          "top": 0,
        }
      }
      swipeDirection="horizontal"
    >
      <View
        accessibilityElementsHidden={false}
        importantForAccessibility="auto"
        style={
          {
            "flex": 1,
            "flexDirection": "column-reverse",
          }
        }
      >
        <View
          collapsable={false}
          style={
            [
              {
                "flex": 1,
              },
              {
                "backgroundColor": "rgb(242, 242, 242)",
              },
              undefined,
            ]
          }
        >
          <RCTSafeAreaView
            style={
              {
                "backgroundColor": "#eee",
                "flex": 1,
                "paddingTop": null,
              }
            }
          >
            <View
              style={
                {
                  "alignItems": "center",
                  "flex": 1,
                  "flexDirection": "row",
                  "height": 50,
                  "justifyContent": "center",
                  "marginBottom": 10,
                  "marginHorizontal": 10,
                  "maxHeight": 50,
                  "minHeight": 50,
                }
              }
            >
              <Text
                style={
                  {
                    "flex": 1,
                    "fontSize": 20,
                  }
                }
              >
                Filter by name:
              </Text>
              <TextInput
                style={
                  {
                    "backgroundColor": "#fff",
                    "borderColor": "#000",
                    "borderRadius": 10,
                    "borderWidth": 1,
                    "flex": 1,
                    "fontSize": 20,
                    "paddingHorizontal": 5,
                    "paddingVertical": 2,
                  }
                }
              />
            </View>
            <RCTScrollView
              ListEmptyComponent={[Function]}
              data={[]}
              getItem={[Function]}
              getItemCount={[Function]}
              keyExtractor={[Function]}
              onContentSizeChange={[Function]}
              onLayout={[Function]}
              onMomentumScrollBegin={[Function]}
              onMomentumScrollEnd={[Function]}
              onScroll={[Function]}
              onScrollBeginDrag={[Function]}
              onScrollEndDrag={[Function]}
              refreshing={false}
              removeClippedSubviews={false}
              renderItem={[Function]}
              scrollEventThrottle={0.0001}
              stickyHeaderIndices={[]}
              viewabilityConfigCallbackPairs={[]}
            >
              <View>
                <View
                  style={
                    {
                      "padding": 10,
                    }
                  }
                >
                  <View
                    style={
                      {
                        "backgroundColor": "#fff",
                        "borderRadius": 16,
                        "borderWidth": 2,
                        "flexDirection": "row",
                        "justifyContent": "space-between",
                        "padding": 16,
                      }
                    }
                  >
                    <Text
                      style={
                        {
                          "fontSize": 18,
                        }
                      }
                    >
                      No countries matching the filter criteria.
                    </Text>
                  </View>
                </View>
              </View>
            </RCTScrollView>
          </RCTSafeAreaView>
        </View>
      </View>
      <RNSScreenStackHeaderConfig
        backButtonInCustomView={false}
        backTitleVisible={true}
        backgroundColor="rgb(255, 255, 255)"
        color="rgb(0, 122, 255)"
        direction="ltr"
        disableBackButtonMenu={false}
        hidden={false}
        hideBackButton={false}
        largeTitleHideShadow={false}
        title="Countries"
        titleColor="rgb(28, 28, 30)"
        topInsetEnabled={false}
        translucent={false}
      />
    </RNSScreen>
  </RNSScreenStack>
</RNCSafeAreaProvider>
`;
